------------------------------------------------------------
TimeQuest Timing Analyzer Summary
------------------------------------------------------------

Type  : Slow 1200mV 85C Model Setup 'mf_lvds_inst|ALTLVDS_TX_component|auto_generated|lvds_tx_pll|clk[0]'
Slack : 0.520
TNS   : 0.000

Type  : Slow 1200mV 85C Model Setup 'u1|altpll_component|auto_generated|pll1|clk[2]'
Slack : 1.762
TNS   : 0.000

Type  : Slow 1200mV 85C Model Setup 'u1|altpll_component|auto_generated|pll1|clk[0]'
Slack : 1.825
TNS   : 0.000

Type  : Slow 1200mV 85C Model Setup 'mf_lvds_inst|ALTLVDS_TX_component|auto_generated|lvds_tx_pll|clk[1]'
Slack : 6.669
TNS   : 0.000

Type  : Slow 1200mV 85C Model Setup 'u1|altpll_component|auto_generated|pll1|clk[1]'
Slack : 15996.124
TNS   : 0.000

Type  : Slow 1200mV 85C Model Hold 'u1|altpll_component|auto_generated|pll1|clk[0]'
Slack : 0.453
TNS   : 0.000

Type  : Slow 1200mV 85C Model Hold 'u1|altpll_component|auto_generated|pll1|clk[2]'
Slack : 0.453
TNS   : 0.000

Type  : Slow 1200mV 85C Model Hold 'mf_lvds_inst|ALTLVDS_TX_component|auto_generated|lvds_tx_pll|clk[1]'
Slack : 0.465
TNS   : 0.000

Type  : Slow 1200mV 85C Model Hold 'mf_lvds_inst|ALTLVDS_TX_component|auto_generated|lvds_tx_pll|clk[0]'
Slack : 0.501
TNS   : 0.000

Type  : Slow 1200mV 85C Model Hold 'u1|altpll_component|auto_generated|pll1|clk[1]'
Slack : 0.765
TNS   : 0.000

Type  : Slow 1200mV 85C Model Minimum Pulse Width 'mf_lvds_inst|ALTLVDS_TX_component|auto_generated|lvds_tx_pll|clk[0]'
Slack : 1.441
TNS   : 0.000

Type  : Slow 1200mV 85C Model Minimum Pulse Width 'u1|altpll_component|auto_generated|pll1|clk[2]'
Slack : 2.218
TNS   : 0.000

Type  : Slow 1200mV 85C Model Minimum Pulse Width 'u1|altpll_component|auto_generated|pll1|clk[0]'
Slack : 6.577
TNS   : 0.000

Type  : Slow 1200mV 85C Model Minimum Pulse Width 'clock_dot'
Slack : 8.000
TNS   : 0.000

Type  : Slow 1200mV 85C Model Minimum Pulse Width 'clock_50'
Slack : 9.934
TNS   : 0.000

Type  : Slow 1200mV 85C Model Minimum Pulse Width 'mf_lvds_inst|ALTLVDS_TX_component|auto_generated|lvds_tx_pll|clk[1]'
Slack : 13.467
TNS   : 0.000

Type  : Slow 1200mV 85C Model Minimum Pulse Width 'u1|altpll_component|auto_generated|pll1|clk[1]'
Slack : 7999.720
TNS   : 0.000

Type  : Slow 1200mV 0C Model Setup 'mf_lvds_inst|ALTLVDS_TX_component|auto_generated|lvds_tx_pll|clk[0]'
Slack : 0.681
TNS   : 0.000

Type  : Slow 1200mV 0C Model Setup 'u1|altpll_component|auto_generated|pll1|clk[2]'
Slack : 1.913
TNS   : 0.000

Type  : Slow 1200mV 0C Model Setup 'u1|altpll_component|auto_generated|pll1|clk[0]'
Slack : 2.634
TNS   : 0.000

Type  : Slow 1200mV 0C Model Setup 'mf_lvds_inst|ALTLVDS_TX_component|auto_generated|lvds_tx_pll|clk[1]'
Slack : 7.066
TNS   : 0.000

Type  : Slow 1200mV 0C Model Setup 'u1|altpll_component|auto_generated|pll1|clk[1]'
Slack : 15996.388
TNS   : 0.000

Type  : Slow 1200mV 0C Model Hold 'u1|altpll_component|auto_generated|pll1|clk[0]'
Slack : 0.402
TNS   : 0.000

Type  : Slow 1200mV 0C Model Hold 'u1|altpll_component|auto_generated|pll1|clk[2]'
Slack : 0.402
TNS   : 0.000

Type  : Slow 1200mV 0C Model Hold 'mf_lvds_inst|ALTLVDS_TX_component|auto_generated|lvds_tx_pll|clk[1]'
Slack : 0.417
TNS   : 0.000

Type  : Slow 1200mV 0C Model Hold 'mf_lvds_inst|ALTLVDS_TX_component|auto_generated|lvds_tx_pll|clk[0]'
Slack : 0.469
TNS   : 0.000

Type  : Slow 1200mV 0C Model Hold 'u1|altpll_component|auto_generated|pll1|clk[1]'
Slack : 0.711
TNS   : 0.000

Type  : Slow 1200mV 0C Model Minimum Pulse Width 'mf_lvds_inst|ALTLVDS_TX_component|auto_generated|lvds_tx_pll|clk[0]'
Slack : 1.441
TNS   : 0.000

Type  : Slow 1200mV 0C Model Minimum Pulse Width 'u1|altpll_component|auto_generated|pll1|clk[2]'
Slack : 2.216
TNS   : 0.000

Type  : Slow 1200mV 0C Model Minimum Pulse Width 'u1|altpll_component|auto_generated|pll1|clk[0]'
Slack : 6.544
TNS   : 0.000

Type  : Slow 1200mV 0C Model Minimum Pulse Width 'clock_dot'
Slack : 8.000
TNS   : 0.000

Type  : Slow 1200mV 0C Model Minimum Pulse Width 'clock_50'
Slack : 9.943
TNS   : 0.000

Type  : Slow 1200mV 0C Model Minimum Pulse Width 'mf_lvds_inst|ALTLVDS_TX_component|auto_generated|lvds_tx_pll|clk[1]'
Slack : 13.468
TNS   : 0.000

Type  : Slow 1200mV 0C Model Minimum Pulse Width 'u1|altpll_component|auto_generated|pll1|clk[1]'
Slack : 7999.717
TNS   : 0.000

Type  : Fast 1200mV 0C Model Setup 'mf_lvds_inst|ALTLVDS_TX_component|auto_generated|lvds_tx_pll|clk[0]'
Slack : 1.279
TNS   : 0.000

Type  : Fast 1200mV 0C Model Setup 'u1|altpll_component|auto_generated|pll1|clk[2]'
Slack : 3.527
TNS   : 0.000

Type  : Fast 1200mV 0C Model Setup 'u1|altpll_component|auto_generated|pll1|clk[0]'
Slack : 8.572
TNS   : 0.000

Type  : Fast 1200mV 0C Model Setup 'mf_lvds_inst|ALTLVDS_TX_component|auto_generated|lvds_tx_pll|clk[1]'
Slack : 9.789
TNS   : 0.000

Type  : Fast 1200mV 0C Model Setup 'u1|altpll_component|auto_generated|pll1|clk[1]'
Slack : 15998.329
TNS   : 0.000

Type  : Fast 1200mV 0C Model Hold 'u1|altpll_component|auto_generated|pll1|clk[0]'
Slack : 0.186
TNS   : 0.000

Type  : Fast 1200mV 0C Model Hold 'u1|altpll_component|auto_generated|pll1|clk[2]'
Slack : 0.187
TNS   : 0.000

Type  : Fast 1200mV 0C Model Hold 'mf_lvds_inst|ALTLVDS_TX_component|auto_generated|lvds_tx_pll|clk[0]'
Slack : 0.193
TNS   : 0.000

Type  : Fast 1200mV 0C Model Hold 'mf_lvds_inst|ALTLVDS_TX_component|auto_generated|lvds_tx_pll|clk[1]'
Slack : 0.194
TNS   : 0.000

Type  : Fast 1200mV 0C Model Hold 'u1|altpll_component|auto_generated|pll1|clk[1]'
Slack : 0.307
TNS   : 0.000

Type  : Fast 1200mV 0C Model Minimum Pulse Width 'mf_lvds_inst|ALTLVDS_TX_component|auto_generated|lvds_tx_pll|clk[0]'
Slack : 1.761
TNS   : 0.000

Type  : Fast 1200mV 0C Model Minimum Pulse Width 'u1|altpll_component|auto_generated|pll1|clk[2]'
Slack : 2.297
TNS   : 0.000

Type  : Fast 1200mV 0C Model Minimum Pulse Width 'u1|altpll_component|auto_generated|pll1|clk[0]'
Slack : 6.610
TNS   : 0.000

Type  : Fast 1200mV 0C Model Minimum Pulse Width 'clock_dot'
Slack : 8.000
TNS   : 0.000

Type  : Fast 1200mV 0C Model Minimum Pulse Width 'clock_50'
Slack : 9.594
TNS   : 0.000

Type  : Fast 1200mV 0C Model Minimum Pulse Width 'mf_lvds_inst|ALTLVDS_TX_component|auto_generated|lvds_tx_pll|clk[1]'
Slack : 13.506
TNS   : 0.000

Type  : Fast 1200mV 0C Model Minimum Pulse Width 'u1|altpll_component|auto_generated|pll1|clk[1]'
Slack : 7999.797
TNS   : 0.000

------------------------------------------------------------
